Archive member included because of file (symbol)

c:/iti folder/imt_sdk_win_64/winavr/bin/../lib/gcc/avr/4.3.3/avr5\libgcc.a(_exit.o)
                              c:/iti folder/imt_sdk_win_64/winavr/bin/../lib/gcc/avr/4.3.3/../../../../avr/lib/avr5/crtm32.o (exit)
c:/iti folder/imt_sdk_win_64/winavr/bin/../lib/gcc/avr/4.3.3/avr5\libgcc.a(_copy_data.o)
                              ./MCAL/DIO/DIO_Source.o (__do_copy_data)
c:/iti folder/imt_sdk_win_64/winavr/bin/../lib/gcc/avr/4.3.3/avr5\libgcc.a(_clear_bss.o)
                              ./MCAL/ExtInt/EXTINT_Source.o (__do_clear_bss)

Memory Configuration

Name             Origin             Length             Attributes
text             0x00000000         0x00020000         xr
data             0x00800060         0x0000ffa0         rw !x
eeprom           0x00810000         0x00010000         rw !x
fuse             0x00820000         0x00000400         rw !x
lock             0x00830000         0x00000400         rw !x
signature        0x00840000         0x00000400         rw !x
*default*        0x00000000         0xffffffff

Linker script and memory map

LOAD c:/iti folder/imt_sdk_win_64/winavr/bin/../lib/gcc/avr/4.3.3/../../../../avr/lib/avr5/crtm32.o
LOAD ./MCAL/ExtInt/EXTINT_Source.o
LOAD ./MCAL/DIO/DIO_Source.o
LOAD ./HAL/LED/led.o
LOAD ./HAL/HExtInt/HExtInt.o
LOAD ./HAL/Button/button.o
LOAD ./App/main.o
LOAD c:/iti folder/imt_sdk_win_64/winavr/bin/../lib/gcc/avr/4.3.3/avr5\libgcc.a
LOAD c:/iti folder/imt_sdk_win_64/winavr/bin/../lib/gcc/avr/4.3.3/../../../../avr/lib/avr5\libc.a
LOAD c:/iti folder/imt_sdk_win_64/winavr/bin/../lib/gcc/avr/4.3.3/avr5\libgcc.a

.hash
 *(.hash)

.dynsym
 *(.dynsym)

.dynstr
 *(.dynstr)

.gnu.version
 *(.gnu.version)

.gnu.version_d
 *(.gnu.version_d)

.gnu.version_r
 *(.gnu.version_r)

.rel.init
 *(.rel.init)

.rela.init
 *(.rela.init)

.rel.text
 *(.rel.text)
 *(.rel.text.*)
 *(.rel.gnu.linkonce.t*)

.rela.text
 *(.rela.text)
 *(.rela.text.*)
 *(.rela.gnu.linkonce.t*)

.rel.fini
 *(.rel.fini)

.rela.fini
 *(.rela.fini)

.rel.rodata
 *(.rel.rodata)
 *(.rel.rodata.*)
 *(.rel.gnu.linkonce.r*)

.rela.rodata
 *(.rela.rodata)
 *(.rela.rodata.*)
 *(.rela.gnu.linkonce.r*)

.rel.data
 *(.rel.data)
 *(.rel.data.*)
 *(.rel.gnu.linkonce.d*)

.rela.data
 *(.rela.data)
 *(.rela.data.*)
 *(.rela.gnu.linkonce.d*)

.rel.ctors
 *(.rel.ctors)

.rela.ctors
 *(.rela.ctors)

.rel.dtors
 *(.rel.dtors)

.rela.dtors
 *(.rela.dtors)

.rel.got
 *(.rel.got)

.rela.got
 *(.rela.got)

.rel.bss
 *(.rel.bss)

.rela.bss
 *(.rela.bss)

.rel.plt
 *(.rel.plt)

.rela.plt
 *(.rela.plt)

.text           0x00000000      0xa9a
 *(.vectors)
 .vectors       0x00000000       0x54 c:/iti folder/imt_sdk_win_64/winavr/bin/../lib/gcc/avr/4.3.3/../../../../avr/lib/avr5/crtm32.o
                0x00000000                __vectors
                0x00000000                __vector_default
 *(.vectors)
 *(.progmem.gcc*)
 *(.progmem*)
                0x00000054                . = ALIGN (0x2)
                0x00000054                __trampolines_start = .
 *(.trampolines)
 .trampolines   0x00000054        0x0 linker stubs
 *(.trampolines*)
                0x00000054                __trampolines_end = .
 *(.jumptables)
 *(.jumptables*)
 *(.lowtext)
 *(.lowtext*)
                0x00000054                __ctors_start = .
 *(.ctors)
                0x00000054                __ctors_end = .
                0x00000054                __dtors_start = .
 *(.dtors)
                0x00000054                __dtors_end = .
 SORT(*)(.ctors)
 SORT(*)(.dtors)
 *(.init0)
 .init0         0x00000054        0x0 c:/iti folder/imt_sdk_win_64/winavr/bin/../lib/gcc/avr/4.3.3/../../../../avr/lib/avr5/crtm32.o
                0x00000054                __init
 *(.init0)
 *(.init1)
 *(.init1)
 *(.init2)
 .init2         0x00000054        0xc c:/iti folder/imt_sdk_win_64/winavr/bin/../lib/gcc/avr/4.3.3/../../../../avr/lib/avr5/crtm32.o
 *(.init2)
 *(.init3)
 *(.init3)
 *(.init4)
 .init4         0x00000060       0x16 c:/iti folder/imt_sdk_win_64/winavr/bin/../lib/gcc/avr/4.3.3/avr5\libgcc.a(_copy_data.o)
                0x00000060                __do_copy_data
 .init4         0x00000076       0x10 c:/iti folder/imt_sdk_win_64/winavr/bin/../lib/gcc/avr/4.3.3/avr5\libgcc.a(_clear_bss.o)
                0x00000076                __do_clear_bss
 *(.init4)
 *(.init5)
 *(.init5)
 *(.init6)
 *(.init6)
 *(.init7)
 *(.init7)
 *(.init8)
 *(.init8)
 *(.init9)
 .init9         0x00000086        0x8 c:/iti folder/imt_sdk_win_64/winavr/bin/../lib/gcc/avr/4.3.3/../../../../avr/lib/avr5/crtm32.o
 *(.init9)
 *(.text)
 .text          0x0000008e        0x4 c:/iti folder/imt_sdk_win_64/winavr/bin/../lib/gcc/avr/4.3.3/../../../../avr/lib/avr5/crtm32.o
                0x0000008e                __vector_12
                0x0000008e                __bad_interrupt
                0x0000008e                __vector_6
                0x0000008e                __vector_3
                0x0000008e                __vector_11
                0x0000008e                __vector_13
                0x0000008e                __vector_17
                0x0000008e                __vector_19
                0x0000008e                __vector_7
                0x0000008e                __vector_5
                0x0000008e                __vector_4
                0x0000008e                __vector_9
                0x0000008e                __vector_2
                0x0000008e                __vector_15
                0x0000008e                __vector_8
                0x0000008e                __vector_14
                0x0000008e                __vector_10
                0x0000008e                __vector_16
                0x0000008e                __vector_18
                0x0000008e                __vector_20
 .text          0x00000092        0x0 ./MCAL/ExtInt/EXTINT_Source.o
 .text          0x00000092        0x0 ./MCAL/DIO/DIO_Source.o
 .text          0x00000092        0x0 ./HAL/LED/led.o
 .text          0x00000092        0x0 ./HAL/HExtInt/HExtInt.o
 .text          0x00000092        0x0 ./HAL/Button/button.o
 .text          0x00000092        0x0 ./App/main.o
 .text          0x00000092        0x0 c:/iti folder/imt_sdk_win_64/winavr/bin/../lib/gcc/avr/4.3.3/avr5\libgcc.a(_exit.o)
 .text          0x00000092        0x0 c:/iti folder/imt_sdk_win_64/winavr/bin/../lib/gcc/avr/4.3.3/avr5\libgcc.a(_copy_data.o)
 .text          0x00000092        0x0 c:/iti folder/imt_sdk_win_64/winavr/bin/../lib/gcc/avr/4.3.3/avr5\libgcc.a(_clear_bss.o)
                0x00000092                . = ALIGN (0x2)
 *(.text.*)
 .text.vidExtInt_init
                0x00000092      0x272 ./MCAL/ExtInt/EXTINT_Source.o
                0x00000092                vidExtInt_init
 .text.vidCallBackFunc
                0x00000304       0x24 ./MCAL/ExtInt/EXTINT_Source.o
                0x00000304                vidCallBackFunc
 .text.__vector_1
                0x00000328       0x5a ./MCAL/ExtInt/EXTINT_Source.o
                0x00000328                __vector_1
 .text.DIO_s8SETPortDir
                0x00000382       0x72 ./MCAL/DIO/DIO_Source.o
                0x00000382                DIO_s8SETPortDir
 .text.DIO_s8SETPortVal
                0x000003f4       0x46 ./MCAL/DIO/DIO_Source.o
                0x000003f4                DIO_s8SETPortVal
 .text.DIO_s8GETPortVal
                0x0000043a       0x4e ./MCAL/DIO/DIO_Source.o
                0x0000043a                DIO_s8GETPortVal
 .text.DIO_s8SETPinDir
                0x00000488       0xec ./MCAL/DIO/DIO_Source.o
                0x00000488                DIO_s8SETPinDir
 .text.DIO_s8SETPinVal
                0x00000574       0xec ./MCAL/DIO/DIO_Source.o
                0x00000574                DIO_s8SETPinVal
 .text.DIO_s8TOGPinVal
                0x00000660       0x84 ./MCAL/DIO/DIO_Source.o
                0x00000660                DIO_s8TOGPinVal
 .text.DIO_s8GETPinVal
                0x000006e4       0x7e ./MCAL/DIO/DIO_Source.o
                0x000006e4                DIO_s8GETPinVal
 .text.HLed_Init
                0x00000762       0x2e ./HAL/LED/led.o
                0x00000762                HLed_Init
 .text.HLed_on  0x00000790       0x2e ./HAL/LED/led.o
                0x00000790                HLed_on
 .text.HLed_off
                0x000007be       0x2e ./HAL/LED/led.o
                0x000007be                HLed_off
 .text.HLed_toggle
                0x000007ec       0x2c ./HAL/LED/led.o
                0x000007ec                HLed_toggle
 .text.HExtInt_enInit
                0x00000818       0x20 ./HAL/HExtInt/HExtInt.o
                0x00000818                HExtInt_enInit
 .text.HExtInt_enCBF
                0x00000838       0x36 ./HAL/HExtInt/HExtInt.o
                0x00000838                HExtInt_enCBF
 .text.HButton_Init
                0x0000086e       0x30 ./HAL/Button/button.o
                0x0000086e                HButton_Init
 .text.HButton_getPinVal
                0x0000089e       0x46 ./HAL/Button/button.o
                0x0000089e                HButton_getPinVal
 .text.main     0x000008e4       0x4c ./App/main.o
                0x000008e4                main
 .text.ledDisplay
                0x00000930      0x166 ./App/main.o
                0x00000930                ledDisplay
 .text.libgcc   0x00000a96        0x0 c:/iti folder/imt_sdk_win_64/winavr/bin/../lib/gcc/avr/4.3.3/avr5\libgcc.a(_exit.o)
 .text.libgcc   0x00000a96        0x0 c:/iti folder/imt_sdk_win_64/winavr/bin/../lib/gcc/avr/4.3.3/avr5\libgcc.a(_copy_data.o)
 .text.libgcc   0x00000a96        0x0 c:/iti folder/imt_sdk_win_64/winavr/bin/../lib/gcc/avr/4.3.3/avr5\libgcc.a(_clear_bss.o)
                0x00000a96                . = ALIGN (0x2)
 *(.fini9)
 .fini9         0x00000a96        0x0 c:/iti folder/imt_sdk_win_64/winavr/bin/../lib/gcc/avr/4.3.3/avr5\libgcc.a(_exit.o)
                0x00000a96                exit
                0x00000a96                _exit
 *(.fini9)
 *(.fini8)
 *(.fini8)
 *(.fini7)
 *(.fini7)
 *(.fini6)
 *(.fini6)
 *(.fini5)
 *(.fini5)
 *(.fini4)
 *(.fini4)
 *(.fini3)
 *(.fini3)
 *(.fini2)
 *(.fini2)
 *(.fini1)
 *(.fini1)
 *(.fini0)
 .fini0         0x00000a96        0x4 c:/iti folder/imt_sdk_win_64/winavr/bin/../lib/gcc/avr/4.3.3/avr5\libgcc.a(_exit.o)
 *(.fini0)
                0x00000a9a                _etext = .

.data           0x00800060       0x18 load address 0x00000a9a
                0x00800060                PROVIDE (__data_start, .)
 *(.data)
 .data          0x00800060        0x0 c:/iti folder/imt_sdk_win_64/winavr/bin/../lib/gcc/avr/4.3.3/../../../../avr/lib/avr5/crtm32.o
 .data          0x00800060        0x0 ./MCAL/ExtInt/EXTINT_Source.o
 .data          0x00800060        0x0 ./MCAL/DIO/DIO_Source.o
 .data          0x00800060        0x0 ./HAL/LED/led.o
 .data          0x00800060        0x0 ./HAL/HExtInt/HExtInt.o
 .data          0x00800060        0x0 ./HAL/Button/button.o
 .data          0x00800060        0x0 ./App/main.o
 .data          0x00800060        0x0 c:/iti folder/imt_sdk_win_64/winavr/bin/../lib/gcc/avr/4.3.3/avr5\libgcc.a(_exit.o)
 .data          0x00800060        0x0 c:/iti folder/imt_sdk_win_64/winavr/bin/../lib/gcc/avr/4.3.3/avr5\libgcc.a(_copy_data.o)
 .data          0x00800060        0x0 c:/iti folder/imt_sdk_win_64/winavr/bin/../lib/gcc/avr/4.3.3/avr5\libgcc.a(_clear_bss.o)
 *(.data*)
 .data.portReg  0x00800060        0x8 ./MCAL/DIO/DIO_Source.o
                0x00800060                portReg
 .data.ddrReg   0x00800068        0x8 ./MCAL/DIO/DIO_Source.o
                0x00800068                ddrReg
 .data.pinReg   0x00800070        0x8 ./MCAL/DIO/DIO_Source.o
                0x00800070                pinReg
 *(.rodata)
 *(.rodata*)
 *(.gnu.linkonce.d*)
                0x00800078                . = ALIGN (0x2)
                0x00800078                _edata = .
                0x00800078                PROVIDE (__data_end, .)

.bss            0x00800078        0x5
                0x00800078                PROVIDE (__bss_start, .)
 *(.bss)
 .bss           0x00800078        0x0 c:/iti folder/imt_sdk_win_64/winavr/bin/../lib/gcc/avr/4.3.3/../../../../avr/lib/avr5/crtm32.o
 .bss           0x00800078        0x0 ./MCAL/ExtInt/EXTINT_Source.o
 .bss           0x00800078        0x0 ./MCAL/DIO/DIO_Source.o
 .bss           0x00800078        0x0 ./HAL/LED/led.o
 .bss           0x00800078        0x0 ./HAL/HExtInt/HExtInt.o
 .bss           0x00800078        0x0 ./HAL/Button/button.o
 .bss           0x00800078        0x0 ./App/main.o
 .bss           0x00800078        0x0 c:/iti folder/imt_sdk_win_64/winavr/bin/../lib/gcc/avr/4.3.3/avr5\libgcc.a(_exit.o)
 .bss           0x00800078        0x0 c:/iti folder/imt_sdk_win_64/winavr/bin/../lib/gcc/avr/4.3.3/avr5\libgcc.a(_copy_data.o)
 .bss           0x00800078        0x0 c:/iti folder/imt_sdk_win_64/winavr/bin/../lib/gcc/avr/4.3.3/avr5\libgcc.a(_clear_bss.o)
 *(.bss*)
 .bss.callBack  0x00800078        0x2 ./MCAL/ExtInt/EXTINT_Source.o
                0x00800078                callBack
 .bss.cbf       0x0080007a        0x2 ./HAL/HExtInt/HExtInt.o
                0x0080007a                cbf
 .bss.flag.1392
                0x0080007c        0x1 ./App/main.o
 *(COMMON)
                0x0080007d                PROVIDE (__bss_end, .)
                0x00000a9a                __data_load_start = LOADADDR (.data)
                0x00000ab2                __data_load_end = (__data_load_start + SIZEOF (.data))

.noinit         0x0080007d        0x0
                0x0080007d                PROVIDE (__noinit_start, .)
 *(.noinit*)
                0x0080007d                PROVIDE (__noinit_end, .)
                0x0080007d                _end = .
                0x0080007d                PROVIDE (__heap_start, .)

.eeprom         0x00810000        0x0
 *(.eeprom*)
                0x00810000                __eeprom_end = .

.fuse
 *(.fuse)
 *(.lfuse)
 *(.hfuse)
 *(.efuse)

.lock
 *(.lock*)

.signature
 *(.signature*)

.stab           0x00000000     0x1e18
 *(.stab)
 .stab          0x00000000      0x60c ./MCAL/ExtInt/EXTINT_Source.o
 .stab          0x0000060c      0x768 ./MCAL/DIO/DIO_Source.o
                                0x774 (size before relaxing)
 .stab          0x00000d74      0x450 ./HAL/LED/led.o
                                0x45c (size before relaxing)
 .stab          0x000011c4      0x2f4 ./HAL/HExtInt/HExtInt.o
                                0x300 (size before relaxing)
 .stab          0x000014b8      0x33c ./HAL/Button/button.o
                                0x348 (size before relaxing)
 .stab          0x000017f4      0x624 ./App/main.o
                                0x7b0 (size before relaxing)

.stabstr        0x00000000     0x1d2d
 *(.stabstr)
 .stabstr       0x00000000     0x1d2d ./MCAL/ExtInt/EXTINT_Source.o

.stab.excl
 *(.stab.excl)

.stab.exclstr
 *(.stab.exclstr)

.stab.index
 *(.stab.index)

.stab.indexstr
 *(.stab.indexstr)

.comment
 *(.comment)

.debug
 *(.debug)

.line
 *(.line)

.debug_srcinfo
 *(.debug_srcinfo)

.debug_sfnames
 *(.debug_sfnames)

.debug_aranges
 *(.debug_aranges)

.debug_pubnames
 *(.debug_pubnames)

.debug_info
 *(.debug_info)
 *(.gnu.linkonce.wi.*)

.debug_abbrev
 *(.debug_abbrev)

.debug_line
 *(.debug_line)

.debug_frame
 *(.debug_frame)

.debug_str
 *(.debug_str)

.debug_loc
 *(.debug_loc)

.debug_macinfo
 *(.debug_macinfo)
OUTPUT(Sprints_LED_V2.elf elf32-avr)
LOAD linker stubs
